// Jest Snapshot v1, https://goo.gl/fbAQLP

exports[`CustomPageHeaderTitle component matches snapshot 1`] = `
<div>
  <div
    class="flex items-center justify-center gap-2"
  >
    <a
      data-discover="true"
      href="/test-link"
    >
      <svg
        class="remixicon w-8 h-8 p-1 text-[#464545] hover:bg-gray-100 rounded-full"
        fill="currentColor"
        height="24"
        viewBox="0 0 24 24"
        width="24"
        xmlns="http://www.w3.org/2000/svg"
      >
        <path
          d="M10.8284 12.0007L15.7782 16.9504L14.364 18.3646L8 12.0007L14.364 5.63672L15.7782 7.05093L10.8284 12.0007Z"
        />
      </svg>
    </a>
    <div
      class="text-2xl text-[#464545] font-bold"
    >
      Test Title
    </div>
  </div>
</div>
`;
